This is e-upTeX, Version 3.141592653-p4.1.2-u2.00-250202-2.6 (utf8.sjis) (TeX Live 2025) (preloaded format=platex 2025.10.8)  26 JAN 2026 14:58
entering extended mode
 restricted \write18 enabled.
 %&-line parsing enabled.
**c:/Users/ats_1/Desktop/Master-Thesis/sotsuron
(c:/Users/ats_1/Desktop/Master-Thesis/sotsuron.tex
pLaTeX2e <2023-02-14>+1, based on
LaTeX2e <2025-06-01> patch level 1
L3 programming layer <2025-09-02>
(c:/texlive/2025/texmf-dist/tex/platex/base/jreport.cls
Document Class: jreport 2020/09/30 v1.8f Standard pLaTeX class
\c@@paper=\count274
(c:/texlive/2025/texmf-dist/tex/platex/base/jsize12.clo
File: jsize12.clo 2020/09/30 v1.8f Standard pLaTeX file (size option)
)
\c@part=\count275
\c@chapter=\count276
\c@section=\count277
\c@subsection=\count278
\c@subsubsection=\count279
\c@paragraph=\count280
\c@subparagraph=\count281
\c@figure=\count282
\c@table=\count283
\abovecaptionskip=\skip49
\belowcaptionskip=\skip50
\symmincho=\mathgroup4
LaTeX Font Info:    Overwriting symbol font `mincho' in version `bold'
(Font)                  JY1/mc/m/n --> JY1/gt/m/n on input line 704.
\toclineskip=\dimen164
\@lnumwidth=\dimen165
\bibindent=\dimen166
\heisei=\count284
) (./suthesis.sty) (c:/texlive/2025/texmf-dist/tex/latex/graphics/graphicx.sty
Package: graphicx 2024/12/31 v1.2e Enhanced LaTeX Graphics (DPC,SPQR)
 (c:/texlive/2025/texmf-dist/tex/latex/graphics/keyval.sty
Package: keyval 2022/05/29 v1.15 key=value parser (DPC)
\KV@toks@=\toks18
) (c:/texlive/2025/texmf-dist/tex/latex/graphics/graphics.sty
Package: graphics 2024/08/06 v1.4g Standard LaTeX Graphics (DPC,SPQR)
 (c:/texlive/2025/texmf-dist/tex/latex/graphics/trig.sty
Package: trig 2023/12/02 v1.11 sin cos tan (DPC)
) (c:/texlive/2025/texmf-dist/tex/latex/graphics-cfg/graphics.cfg
File: graphics.cfg 2016/06/04 v1.11 sample graphics configuration
)
Package graphics Info: Driver file: dvipdfmx.def on input line 106.
 (c:/texlive/2025/texmf-dist/tex/latex/graphics-def/dvipdfmx.def
File: dvipdfmx.def 2025/09/29 v5.0n Graphics/color driver for dvipdfmx
))
\Gin@req@height=\dimen167
\Gin@req@width=\dimen168
) (c:/texlive/2025/texmf-dist/tex/latex/listings/listings.sty
\lst@mode=\count285
\lst@gtempboxa=\box70
\lst@token=\toks19
\lst@length=\count286
\lst@currlwidth=\dimen169
\lst@column=\count287
\lst@pos=\count288
\lst@lostspace=\dimen170
\lst@width=\dimen171
\lst@newlines=\count289
\lst@lineno=\count290
\lst@maxwidth=\dimen172
 (c:/texlive/2025/texmf-dist/tex/latex/listings/lstpatch.sty
File: lstpatch.sty 2024/09/23 1.10c (Carsten Heinz)
) (c:/texlive/2025/texmf-dist/tex/latex/listings/lstmisc.sty
File: lstmisc.sty 2024/09/23 1.10c (Carsten Heinz)
\c@lstnumber=\count291
\lst@skipnumbers=\count292
\lst@framebox=\box71
) (c:/texlive/2025/texmf-dist/tex/latex/listings/listings.cfg
File: listings.cfg 2024/09/23 1.10c listings configuration
))
Package: listings 2024/09/23 1.10c (Carsten Heinz)
 (c:/texlive/2025/texmf-dist/tex/latex/jvlisting/jvlisting.sty
Package: jvlisting 2011/11/17 v0.7 Formatted Program Listings
\jvl@idt=\count293
\jvl@tmphyphenchar=\count294
\jvl@fileinput=\read2
\listingskipamount=\skip51
\listingindent=\dimen173
\prelistingpenalty=\count295
\listingpenalty=\count296
\postlistingpenalty=\count297
) (./float.sty
Package: float 2001/11/08 v1.3d Float enhancements (AL)
\c@float@type=\count298
\float@exts=\toks20
\float@box=\box72
\@float@everytoks=\toks21
\@floatcapt=\box73
) (c:/texlive/2025/texmf-dist/tex/latex/algorithms/algorithm.sty
Package: algorithm 2009/08/24 v0.1 Document Style `algorithm' - floating environment
 (c:/texlive/2025/texmf-dist/tex/latex/base/ifthen.sty
Package: ifthen 2024/03/16 v1.1e Standard LaTeX ifthen package (DPC)
)
\@float@every@algorithm=\toks22
\c@algorithm=\count299
) (c:/texlive/2025/texmf-dist/tex/latex/algorithms/algorithmic.sty
Package: algorithmic 2009/08/24 v0.1 Document Style `algorithmic'
\c@ALC@unique=\count300
\c@ALC@line=\count301
\c@ALC@rem=\count302
\c@ALC@depth=\count303
\ALC@tlm=\skip52
\algorithmicindent=\skip53
) (c:/texlive/2025/texmf-dist/tex/latex/l3backend/l3backend-dvips.def
File: l3backend-dvips.def 2025-06-09 L3 backend support: dvips
\l__pdfannot_backend_content_box=\box74
\l__pdfannot_backend_model_box=\box75
\g__pdfannot_backend_int=\count304
\g__pdfannot_backend_link_int=\count305
\g__pdfannot_backend_link_sf_int=\count306
) (./sotsuron.aux)
\openout1 = `sotsuron.aux'.

LaTeX Font Info:    Checking defaults for OML/cmm/m/it on input line 54.
LaTeX Font Info:    ... okay on input line 54.
LaTeX Font Info:    Checking defaults for OMS/cmsy/m/n on input line 54.
LaTeX Font Info:    ... okay on input line 54.
LaTeX Font Info:    Checking defaults for OT1/cmr/m/n on input line 54.
LaTeX Font Info:    ... okay on input line 54.
LaTeX Font Info:    Checking defaults for T1/cmr/m/n on input line 54.
LaTeX Font Info:    ... okay on input line 54.
LaTeX Font Info:    Checking defaults for TS1/cmr/m/n on input line 54.
LaTeX Font Info:    ... okay on input line 54.
LaTeX Font Info:    Checking defaults for OMX/cmex/m/n on input line 54.
LaTeX Font Info:    ... okay on input line 54.
LaTeX Font Info:    Checking defaults for U/cmr/m/n on input line 54.
LaTeX Font Info:    ... okay on input line 54.
LaTeX Font Info:    Checking defaults for JY1/mc/m/n on input line 54.
LaTeX Font Info:    ... okay on input line 54.
LaTeX Font Info:    Checking defaults for JT1/mc/m/n on input line 54.
LaTeX Font Info:    ... okay on input line 54.
\c@lstlisting=\count307
LaTeX Font Info:    Font shape `JT1/mc/bx/n' in size <20.74> not available
(Font)              Font shape `JT1/gt/m/n' tried instead on input line 55.
LaTeX Font Info:    Font shape `JY1/mc/bx/n' in size <20.74> not available
(Font)              Font shape `JY1/gt/m/n' tried instead on input line 55.
LaTeX Font Info:    External font `cmex10' loaded for size
(Font)              <14.4> on input line 55.
LaTeX Font Info:    External font `cmex10' loaded for size
(Font)              <7> on input line 55.

Overfull \hbox (17.08986pt too wide) in paragraph at lines 55--55
 [][][][] 
 []



[0

]
LaTeX Font Info:    Font shape `JT1/mc/bx/n' in size <14.4> not available
(Font)              Font shape `JT1/gt/m/n' tried instead on input line 58.
LaTeX Font Info:    Font shape `JY1/mc/bx/n' in size <14.4> not available
(Font)              Font shape `JY1/gt/m/n' tried instead on input line 58.


[0]
LaTeX Font Info:    Font shape `JT1/mc/bx/n' in size <24.88> not available
(Font)              Font shape `JT1/gt/m/n' tried instead on input line 69.
LaTeX Font Info:    Font shape `JY1/mc/bx/n' in size <24.88> not available
(Font)              Font shape `JY1/gt/m/n' tried instead on input line 69.
 (./sotsuron.toc
LaTeX Font Info:    Font shape `JT1/mc/bx/n' in size <12> not available
(Font)              Font shape `JT1/gt/m/n' tried instead on input line 1.
LaTeX Font Info:    Font shape `JY1/mc/bx/n' in size <12> not available
(Font)              Font shape `JY1/gt/m/n' tried instead on input line 1.
LaTeX Font Info:    External font `cmex10' loaded for size
(Font)              <12> on input line 2.
LaTeX Font Info:    External font `cmex10' loaded for size
(Font)              <8> on input line 2.
LaTeX Font Info:    External font `cmex10' loaded for size
(Font)              <6> on input line 2.


[3

]

[4]

[5])
\tf@toc=\write3
\openout3 = `sotsuron.toc'.



[6] (./sotsuron.lof)
\tf@lof=\write4
\openout4 = `sotsuron.lof'.



[7

]

[8] (./sotsuron.lot)
\tf@lot=\write5
\openout5 = `sotsuron.lot'.



[9

]
第 1 章
LaTeX Font Info:    Font shape `JT1/mc/bx/n' in size <17.28> not available
(Font)              Font shape `JT1/gt/m/n' tried instead on input line 77.
LaTeX Font Info:    Font shape `JY1/mc/bx/n' in size <17.28> not available
(Font)              Font shape `JY1/gt/m/n' tried instead on input line 77.


[1

]

[2]
第 2 章
File: ./images/old_system_overview.png Graphic file (type bmp)
<./images/old_system_overview.png>


[3

]

[4

]
第 3 章
File: ./images/old_debug.png Graphic file (type bmp)
<./images/old_debug.png>

LaTeX Warning: `h' float specifier changed to `ht'.



[5

]

[6]
File: ./images/system_overview.png Graphic file (type bmp)
<./images/system_overview.png>


[7]

[8]
File: ./images/devices.jpg Graphic file (type bmp)
<./images/devices.jpg>


[9]
第 4 章


[10

]
File: ./images/mode_flow_chart.png Graphic file (type bmp)
<./images/mode_flow_chart.png>


[11]

[12]

LaTeX Warning: Reference `sec:state_highlight' on page 13 undefined on input line 378.


LaTeX Warning: Reference `sec:serial_mode' on page 13 undefined on input line 383.



[13]
File: ./images/log_mode_layout.png Graphic file (type bmp)
<./images/log_mode_layout.png>


[14]
File: ./images/serial_monitor_layout.png Graphic file (type bmp)
<./images/serial_monitor_layout.png>
File: ./images/port_select.png Graphic file (type bmp)
<./images/port_select.png>


[15]
File: ./images/serial_mode_layout.png Graphic file (type bmp)
<./images/serial_mode_layout.png>


[16]

[17]

LaTeX Warning: Reference `fig:sync_timeline_ex1' on page 18 undefined on input line 544.

File: ./images/timeline_1.png Graphic file (type bmp)
<./images/timeline_1.png>


[18]

LaTeX Warning: Reference `fig:sync_timeline_ex1' on page 19 undefined on input line 554.

File: ./images/timeline_2.png Graphic file (type bmp)
<./images/timeline_2.png>

LaTeX Warning: Reference `fig:sync_timeline_ex1' on page 19 undefined on input line 571.



[19]
LaTeX Font Info:    Trying to load font information for OMS+cmr on input line 575.
 (c:/texlive/2025/texmf-dist/tex/latex/base/omscmr.fd
File: omscmr.fd 2024/11/19 v2.5n Standard LaTeX font definitions
)
LaTeX Font Info:    Font shape `OMS/cmr/m/n' in size <12> not available
(Font)              Font shape `OMS/cmsy/m/n' tried instead on input line 575.


[20]

[21]

[22]
File: ./images/log_parse_flowchart.png Graphic file (type bmp)
<./images/log_parse_flowchart.png>


[23]

[24]
File: ./images/var_update_logic.png Graphic file (type bmp)
<./images/var_update_logic.png>


[25]

[26]

[27]

LaTeX Warning: Reference `lst: state_diagram_json_example' on page 28 undefined on input line 824.



[28]
LaTeX Font Info:    Trying to load font information for OML+cmr on input line 848.
 (c:/texlive/2025/texmf-dist/tex/latex/base/omlcmr.fd
File: omlcmr.fd 2024/11/19 v2.5n Standard LaTeX font definitions
)
LaTeX Font Info:    Font shape `OML/cmr/m/n' in size <12> not available
(Font)              Font shape `OML/cmm/m/it' tried instead on input line 848.
File: ./images/mermaid_state_diagram_example.png Graphic file (type bmp)
<./images/mermaid_state_diagram_example.png>


[29]

[30]
第 5 章


[31

]

[32]

[33]

[34]

[35]
File: ./images/state_logger.png Graphic file (type bmp)
<./images/state_logger.png>


[36]
File: ./images/var_select.png Graphic file (type bmp)
<./images/var_select.png>
File: ./images/var_logger_step.png Graphic file (type bmp)
<./images/var_logger_step.png>

Overfull \hbox (59.75096pt too wide) in paragraph at lines 1065--1066
 [][] 
 []



[37]

[38]

[39]
File: ./images/state_diagram_mermaid.png Graphic file (type bmp)
<./images/state_diagram_mermaid.png>
File: ./images/step_exe.png Graphic file (type bmp)
<./images/step_exe.png>


[40]
File: ./images/eval_device_arch.png Graphic file (type bmp)
<./images/eval_device_arch.png>


[41]
File: ./images/serial_monitor_exe.png Graphic file (type bmp)
<./images/serial_monitor_exe.png>


[42]

[43]

[44]
File: ./images/sync_after_input.png Graphic file (type bmp)
<./images/sync_after_input.png>
File: ./images/sync_exe.png Graphic file (type bmp)
<./images/sync_exe.png>


[45]

[46]

[47]
第 6 章


[48

]

[49]

[50]

[51]

[52]
Underfull \hbox (badness 10000) in paragraph at lines 1470--1472
[]\OT1/cmr/m/n/12 Eclipse Foun-da-tion,  \JY1/mc/m/n/12 “ \OT1/cmr/m/n/12 MQTT: Mes-sage Queu-ing Teleme-try Trans-port, \JY1/mc/m/n/12 ”
 []



[53

] (./sotsuron.aux)
 ***********
pLaTeX2e <2023-02-14>+1, based on
LaTeX2e <2025-06-01> patch level 1
L3 programming layer <2025-09-02>
 ***********


LaTeX Warning: There were undefined references.

 ) 
Here is how much of TeX's memory you used:
 3334 strings out of 468391
 52009 string characters out of 5445622
 684584 words of memory out of 5000000
 32005 multiletter control sequences out of 15000+600000
 642431 words of font info for 97 fonts, out of 8000000 for 9000
 929 hyphenation exceptions out of 8191
 57i,12n,65p,859b,1616s stack positions out of 10000i,1000n,20000p,200000b,200000s

Output written on sotsuron.dvi (62 pages, 187872 bytes).
